<html>
<body>
<pre>
<h1>µVision Build Log</h1>
<h2>Tool Versions:</h2>
IDE-Version: µVision V5.26.2.0
Copyright (C) 2018 ARM Ltd and ARM Germany GmbH. All rights reserved.
License Information: David Pasley, N/A, LIC=----
 
Tool Versions:
Toolchain:       MDK-Lite  Version: 5.26.2.0
Toolchain Path:  C:\Keil_v5\ARM\ARMCC\Bin
C Compiler:      Armcc.exe V5.06 update 6 (build 750)
Assembler:       Armasm.exe V5.06 update 6 (build 750)
Linker/Locator:  ArmLink.exe V5.06 update 6 (build 750)
Library Manager: ArmAr.exe V5.06 update 6 (build 750)
Hex Converter:   FromElf.exe V5.06 update 6 (build 750)
CPU DLL:         
Dialog DLL:      DCM.DLL V1.17.2.0
Target DLL:      PEMicro\Pemicro_ArmCortexInterface.dll V1.11
Dialog DLL:      TCM.DLL V1.36.1.0
 
<h2>Project:</h2>
C:\Users\David James\Documents\KeilProjects\MESA\Mod4\Mod4\mod4.uvprojx
Project File Date:  10/08/2018

<h2>Output:</h2>
*** Using Compiler 'V5.06 update 6 (build 750)', folder: 'C:\Keil_v5\ARM\ARMCC\Bin'
Build target 'mod4'
compiling main.cpp...
main.cpp(93): warning:  #550-D: variable "internal_temp"  was set but never used
  uint16_t internal_temp =0;
main.cpp(181): warning:  #550-D: variable "ptb0_vrefl"  was set but never used
  uint16_t ptb0_vrefl = 0;
main.cpp: 2 warnings, 0 errors
compiling Monitor.cpp...
Monitor.cpp(72): warning: A1609W: MOV <rd>,pc instruction does not set bit zero, so does not create a return address
compiling UART_poll.cpp...
linking...
Program Size: Code=27620 RO-data=2976 RW-data=332 ZI-data=1152  
".\BUILD\mod3.axf" - 0 Error(s), 3 Warning(s).

<h2>Software Packages used:</h2>

Package Vendor: Keil
                http://www.keil.com/pack/Keil.Kinetis_KLxx_DFP.1.15.0.pack
                Keil.Kinetis_KLxx_DFP.1.15.0
                NXP Kinetis KLxx Series Device Support and Examples

<h2>Collection of Component include folders:</h2>
  .\RTE\_mod4
  C:\Keil_v5\ARM\PACK\Keil\Kinetis_KLxx_DFP\1.15.0\Device\Include

<h2>Collection of Component Files used:</h2>
Build Time Elapsed:  00:00:04
</pre>
</body>
</html>
